Archive member included to satisfy reference by file (symbol)

c:/st/stm32cubeide_1.3.0/stm32cubeide/plugins/com.st.stm32cube.ide.mcu.externaltools.gnu-tools-for-stm32.7-2018-q2-update.win32_1.0.0.201904181610/tools/bin/../lib/gcc/arm-none-eabi/7.3.1/../../../../arm-none-eabi/lib/thumb/v7-m\libc_nano.a(lib_a-errno.o)
                              Core/Src/syscalls.o (__errno)
c:/st/stm32cubeide_1.3.0/stm32cubeide/plugins/com.st.stm32cube.ide.mcu.externaltools.gnu-tools-for-stm32.7-2018-q2-update.win32_1.0.0.201904181610/tools/bin/../lib/gcc/arm-none-eabi/7.3.1/../../../../arm-none-eabi/lib/thumb/v7-m\libc_nano.a(lib_a-exit.o)
                              c:/st/stm32cubeide_1.3.0/stm32cubeide/plugins/com.st.stm32cube.ide.mcu.externaltools.gnu-tools-for-stm32.7-2018-q2-update.win32_1.0.0.201904181610/tools/bin/../lib/gcc/arm-none-eabi/7.3.1/../../../../arm-none-eabi/lib/thumb/v7-m/crt0.o (exit)
c:/st/stm32cubeide_1.3.0/stm32cubeide/plugins/com.st.stm32cube.ide.mcu.externaltools.gnu-tools-for-stm32.7-2018-q2-update.win32_1.0.0.201904181610/tools/bin/../lib/gcc/arm-none-eabi/7.3.1/../../../../arm-none-eabi/lib/thumb/v7-m\libc_nano.a(lib_a-impure.o)
                              c:/st/stm32cubeide_1.3.0/stm32cubeide/plugins/com.st.stm32cube.ide.mcu.externaltools.gnu-tools-for-stm32.7-2018-q2-update.win32_1.0.0.201904181610/tools/bin/../lib/gcc/arm-none-eabi/7.3.1/../../../../arm-none-eabi/lib/thumb/v7-m\libc_nano.a(lib_a-exit.o) (_global_impure_ptr)
c:/st/stm32cubeide_1.3.0/stm32cubeide/plugins/com.st.stm32cube.ide.mcu.externaltools.gnu-tools-for-stm32.7-2018-q2-update.win32_1.0.0.201904181610/tools/bin/../lib/gcc/arm-none-eabi/7.3.1/../../../../arm-none-eabi/lib/thumb/v7-m\libc_nano.a(lib_a-init.o)
                              c:/st/stm32cubeide_1.3.0/stm32cubeide/plugins/com.st.stm32cube.ide.mcu.externaltools.gnu-tools-for-stm32.7-2018-q2-update.win32_1.0.0.201904181610/tools/bin/../lib/gcc/arm-none-eabi/7.3.1/../../../../arm-none-eabi/lib/thumb/v7-m/crt0.o (__libc_init_array)
c:/st/stm32cubeide_1.3.0/stm32cubeide/plugins/com.st.stm32cube.ide.mcu.externaltools.gnu-tools-for-stm32.7-2018-q2-update.win32_1.0.0.201904181610/tools/bin/../lib/gcc/arm-none-eabi/7.3.1/../../../../arm-none-eabi/lib/thumb/v7-m\libc_nano.a(lib_a-memset.o)
                              c:/st/stm32cubeide_1.3.0/stm32cubeide/plugins/com.st.stm32cube.ide.mcu.externaltools.gnu-tools-for-stm32.7-2018-q2-update.win32_1.0.0.201904181610/tools/bin/../lib/gcc/arm-none-eabi/7.3.1/../../../../arm-none-eabi/lib/thumb/v7-m/crt0.o (memset)

Allocating common symbols
Common symbol       size              file

uwTick              0x4               Drivers/STM32L1xx_HAL_Driver/Src/stm32l1xx_hal.o
pFlash              0x18              Drivers/STM32L1xx_HAL_Driver/Src/stm32l1xx_hal_flash.o
hlcd                0x3c              Core/Src/main.o
hadc                0x54              Core/Src/main.o

Discarded input sections

 .text          0x0000000000000000        0x0 c:/st/stm32cubeide_1.3.0/stm32cubeide/plugins/com.st.stm32cube.ide.mcu.externaltools.gnu-tools-for-stm32.7-2018-q2-update.win32_1.0.0.201904181610/tools/bin/../lib/gcc/arm-none-eabi/7.3.1/thumb/v7-m/crti.o
 .data          0x0000000000000000        0x0 c:/st/stm32cubeide_1.3.0/stm32cubeide/plugins/com.st.stm32cube.ide.mcu.externaltools.gnu-tools-for-stm32.7-2018-q2-update.win32_1.0.0.201904181610/tools/bin/../lib/gcc/arm-none-eabi/7.3.1/thumb/v7-m/crti.o
 .bss           0x0000000000000000        0x0 c:/st/stm32cubeide_1.3.0/stm32cubeide/plugins/com.st.stm32cube.ide.mcu.externaltools.gnu-tools-for-stm32.7-2018-q2-update.win32_1.0.0.201904181610/tools/bin/../lib/gcc/arm-none-eabi/7.3.1/thumb/v7-m/crti.o
 .data          0x0000000000000000        0x4 c:/st/stm32cubeide_1.3.0/stm32cubeide/plugins/com.st.stm32cube.ide.mcu.externaltools.gnu-tools-for-stm32.7-2018-q2-update.win32_1.0.0.201904181610/tools/bin/../lib/gcc/arm-none-eabi/7.3.1/thumb/v7-m/crtbegin.o
 .text          0x0000000000000000       0x74 c:/st/stm32cubeide_1.3.0/stm32cubeide/plugins/com.st.stm32cube.ide.mcu.externaltools.gnu-tools-for-stm32.7-2018-q2-update.win32_1.0.0.201904181610/tools/bin/../lib/gcc/arm-none-eabi/7.3.1/../../../../arm-none-eabi/lib/thumb/v7-m/crt0.o
 .data          0x0000000000000000        0x0 c:/st/stm32cubeide_1.3.0/stm32cubeide/plugins/com.st.stm32cube.ide.mcu.externaltools.gnu-tools-for-stm32.7-2018-q2-update.win32_1.0.0.201904181610/tools/bin/../lib/gcc/arm-none-eabi/7.3.1/../../../../arm-none-eabi/lib/thumb/v7-m/crt0.o
 .bss           0x0000000000000000        0x0 c:/st/stm32cubeide_1.3.0/stm32cubeide/plugins/com.st.stm32cube.ide.mcu.externaltools.gnu-tools-for-stm32.7-2018-q2-update.win32_1.0.0.201904181610/tools/bin/../lib/gcc/arm-none-eabi/7.3.1/../../../../arm-none-eabi/lib/thumb/v7-m/crt0.o
[...]
Memory Configuration

Name             Origin             Length             Attributes
RAM              0x0000000020000000 0x0000000000008000 xrw
FLASH            0x0000000008000000 0x0000000000040000 xr
*default*        0x0000000000000000 0xffffffffffffffff

Linker script and memory map

LOAD c:/st/stm32cubeide_1.3.0/stm32cubeide/plugins/com.st.stm32cube.ide.mcu.externaltools.gnu-tools-for-stm32.7-2018-q2-update.win32_1.0.0.201904181610/tools/bin/../lib/gcc/arm-none-eabi/7.3.1/thumb/v7-m/crti.o
LOAD c:/st/stm32cubeide_1.3.0/stm32cubeide/plugins/com.st.stm32cube.ide.mcu.externaltools.gnu-tools-for-stm32.7-2018-q2-update.win32_1.0.0.201904181610/tools/bin/../lib/gcc/arm-none-eabi/7.3.1/thumb/v7-m/crtbegin.o
LOAD c:/st/stm32cubeide_1.3.0/stm32cubeide/plugins/com.st.stm32cube.ide.mcu.externaltools.gnu-tools-for-stm32.7-2018-q2-update.win32_1.0.0.201904181610/tools/bin/../lib/gcc/arm-none-eabi/7.3.1/../../../../arm-none-eabi/lib/thumb/v7-m/crt0.o
LOAD Core/Src/main.o
LOAD Core/Src/stm32l1xx_hal_msp.o
LOAD Core/Src/stm32l1xx_it.o
LOAD Core/Src/syscalls.o
LOAD Core/Src/sysmem.o
LOAD Core/Src/system_stm32l1xx.o
LOAD Core/Startup/startup_stm32l152rctx.o
LOAD Drivers/STM32L1xx_HAL_Driver/Src/stm32l1xx_hal.o
LOAD Drivers/STM32L1xx_HAL_Driver/Src/stm32l1xx_hal_adc.o
LOAD Drivers/STM32L1xx_HAL_Driver/Src/stm32l1xx_hal_adc_ex.o
LOAD Drivers/STM32L1xx_HAL_Driver/Src/stm32l1xx_hal_cortex.o
LOAD Drivers/STM32L1xx_HAL_Driver/Src/stm32l1xx_hal_dma.o
LOAD Drivers/STM32L1xx_HAL_Driver/Src/stm32l1xx_hal_flash.o
LOAD Drivers/STM32L1xx_HAL_Driver/Src/stm32l1xx_hal_flash_ex.o
LOAD Drivers/STM32L1xx_HAL_Driver/Src/stm32l1xx_hal_flash_ramfunc.o
LOAD Drivers/STM32L1xx_HAL_Driver/Src/stm32l1xx_hal_gpio.o
LOAD Drivers/STM32L1xx_HAL_Driver/Src/stm32l1xx_hal_lcd.o
LOAD Drivers/STM32L1xx_HAL_Driver/Src/stm32l1xx_hal_pwr.o
LOAD Drivers/STM32L1xx_HAL_Driver/Src/stm32l1xx_hal_pwr_ex.o
LOAD Drivers/STM32L1xx_HAL_Driver/Src/stm32l1xx_hal_rcc.o
LOAD Drivers/STM32L1xx_HAL_Driver/Src/stm32l1xx_hal_rcc_ex.o
LOAD Drivers/STM32L1xx_HAL_Driver/Src/stm32l1xx_hal_tim.o
LOAD Drivers/STM32L1xx_HAL_Driver/Src/stm32l1xx_hal_tim_ex.o
START GROUP
LOAD c:/st/stm32cubeide_1.3.0/stm32cubeide/plugins/com.st.stm32cube.ide.mcu.externaltools.gnu-tools-for-stm32.7-2018-q2-update.win32_1.0.0.201904181610/tools/bin/../lib/gcc/arm-none-eabi/7.3.1/../../../../arm-none-eabi/lib/thumb/v7-m\libc_nano.a
LOAD c:/st/stm32cubeide_1.3.0/stm32cubeide/plugins/com.st.stm32cube.ide.mcu.externaltools.gnu-tools-for-stm32.7-2018-q2-update.win32_1.0.0.201904181610/tools/bin/../lib/gcc/arm-none-eabi/7.3.1/../../../../arm-none-eabi/lib/thumb/v7-m\libm.a
END GROUP
START GROUP
LOAD c:/st/stm32cubeide_1.3.0/stm32cubeide/plugins/com.st.stm32cube.ide.mcu.externaltools.gnu-tools-for-stm32.7-2018-q2-update.win32_1.0.0.201904181610/tools/bin/../lib/gcc/arm-none-eabi/7.3.1/thumb/v7-m\libgcc.a
LOAD c:/st/stm32cubeide_1.3.0/stm32cubeide/plugins/com.st.stm32cube.ide.mcu.externaltools.gnu-tools-for-stm32.7-2018-q2-update.win32_1.0.0.201904181610/tools/bin/../lib/gcc/arm-none-eabi/7.3.1/../../../../arm-none-eabi/lib/thumb/v7-m\libc_nano.a
END GROUP
START GROUP
LOAD c:/st/stm32cubeide_1.3.0/stm32cubeide/plugins/com.st.stm32cube.ide.mcu.externaltools.gnu-tools-for-stm32.7-2018-q2-update.win32_1.0.0.201904181610/tools/bin/../lib/gcc/arm-none-eabi/7.3.1/thumb/v7-m\libgcc.a
LOAD c:/st/stm32cubeide_1.3.0/stm32cubeide/plugins/com.st.stm32cube.ide.mcu.externaltools.gnu-tools-for-stm32.7-2018-q2-update.win32_1.0.0.201904181610/tools/bin/../lib/gcc/arm-none-eabi/7.3.1/../../../../arm-none-eabi/lib/thumb/v7-m\libc_nano.a
LOAD c:/st/stm32cubeide_1.3.0/stm32cubeide/plugins/com.st.stm32cube.ide.mcu.externaltools.gnu-tools-for-stm32.7-2018-q2-update.win32_1.0.0.201904181610/tools/bin/../lib/gcc/arm-none-eabi/7.3.1/../../../../arm-none-eabi/lib/thumb/v7-m\libnosys.a
END GROUP
START GROUP
LOAD c:/st/stm32cubeide_1.3.0/stm32cubeide/plugins/com.st.stm32cube.ide.mcu.externaltools.gnu-tools-for-stm32.7-2018-q2-update.win32_1.0.0.201904181610/tools/bin/../lib/gcc/arm-none-eabi/7.3.1/thumb/v7-m\libgcc.a
LOAD c:/st/stm32cubeide_1.3.0/stm32cubeide/plugins/com.st.stm32cube.ide.mcu.externaltools.gnu-tools-for-stm32.7-2018-q2-update.win32_1.0.0.201904181610/tools/bin/../lib/gcc/arm-none-eabi/7.3.1/../../../../arm-none-eabi/lib/thumb/v7-m\libc_nano.a
LOAD c:/st/stm32cubeide_1.3.0/stm32cubeide/plugins/com.st.stm32cube.ide.mcu.externaltools.gnu-tools-for-stm32.7-2018-q2-update.win32_1.0.0.201904181610/tools/bin/../lib/gcc/arm-none-eabi/7.3.1/../../../../arm-none-eabi/lib/thumb/v7-m\libnosys.a
END GROUP
LOAD c:/st/stm32cubeide_1.3.0/stm32cubeide/plugins/com.st.stm32cube.ide.mcu.externaltools.gnu-tools-for-stm32.7-2018-q2-update.win32_1.0.0.201904181610/tools/bin/../lib/gcc/arm-none-eabi/7.3.1/thumb/v7-m/crtend.o
LOAD c:/st/stm32cubeide_1.3.0/stm32cubeide/plugins/com.st.stm32cube.ide.mcu.externaltools.gnu-tools-for-stm32.7-2018-q2-update.win32_1.0.0.201904181610/tools/bin/../lib/gcc/arm-none-eabi/7.3.1/thumb/v7-m/crtn.o
                0x0000000020008000                _estack = (ORIGIN (RAM) + LENGTH (RAM))
                0x0000000000000200                _Min_Heap_Size = 0x200
                0x0000000000000400                _Min_Stack_Size = 0x400

.isr_vector     0x0000000008000000      0x13c
                0x0000000008000000                . = ALIGN (0x4)
 *(.isr_vector)
 .isr_vector    0x0000000008000000      0x13c Core/Startup/startup_stm32l152rctx.o
                0x0000000008000000                g_pfnVectors
                0x000000000800013c                . = ALIGN (0x4)

.text           0x000000000800013c     0x1650
                0x000000000800013c                . = ALIGN (0x4)
 *(.text)
 .text          0x000000000800013c       0x40 c:/st/stm32cubeide_1.3.0/stm32cubeide/plugins/com.st.stm32cube.ide.mcu.externaltools.gnu-tools-for-stm32.7-2018-q2-update.win32_1.0.0.201904181610/tools/bin/../lib/gcc/arm-none-eabi/7.3.1/thumb/v7-m/crtbegin.o
 *(.text*)
 .text.main     0x000000000800017c       0xf4 Core/Src/main.o
                0x000000000800017c                main
 .text.SystemClock_Config
                0x0000000008000270       0xc8 Core/Src/main.o
                0x0000000008000270                SystemClock_Config
 .text.Error_Handler
                0x0000000008000338        0xc Core/Src/main.o
                0x0000000008000338                Error_Handler
 .text.HAL_MspInit
                0x0000000008000344       0x60 Core/Src/stm32l1xx_hal_msp.o
                0x0000000008000344                HAL_MspInit
 .text.NMI_Handler
                0x00000000080003a4        0xc Core/Src/stm32l1xx_it.o
                0x00000000080003a4                NMI_Handler
 .text.HardFault_Handler
                0x00000000080003b0        0x6 Core/Src/stm32l1xx_it.o
                0x00000000080003b0                HardFault_Handler
 .text.MemManage_Handler
                0x00000000080003b6        0x6 Core/Src/stm32l1xx_it.o
                0x00000000080003b6                MemManage_Handler
 .text.BusFault_Handler
                0x00000000080003bc        0x6 Core/Src/stm32l1xx_it.o
                0x00000000080003bc                BusFault_Handler
 .text.UsageFault_Handler
                0x00000000080003c2        0x6 Core/Src/stm32l1xx_it.o
                0x00000000080003c2                UsageFault_Handler
 .text.SVC_Handler
                0x00000000080003c8        0xc Core/Src/stm32l1xx_it.o
                0x00000000080003c8                SVC_Handler
 .text.DebugMon_Handler
                0x00000000080003d4        0xc Core/Src/stm32l1xx_it.o
                0x00000000080003d4                DebugMon_Handler
 .text.PendSV_Handler
                0x00000000080003e0        0xc Core/Src/stm32l1xx_it.o
                0x00000000080003e0                PendSV_Handler
 .text.SysTick_Handler
                0x00000000080003ec        0xc Core/Src/stm32l1xx_it.o
                0x00000000080003ec                SysTick_Handler
 .text.SystemInit
                0x00000000080003f8       0x68 Core/Src/system_stm32l1xx.o
                0x00000000080003f8                SystemInit
 .text.Reset_Handler
                0x0000000008000460       0x48 Core/Startup/startup_stm32l152rctx.o
                0x0000000008000460                Reset_Handler
 .text.Default_Handler
                0x00000000080004a8        0x2 Core/Startup/startup_stm32l152rctx.o
                0x00000000080004a8                RTC_Alarm_IRQHandler
                0x00000000080004a8                EXTI2_IRQHandler
                0x00000000080004a8                COMP_ACQ_IRQHandler
                0x00000000080004a8                TIM10_IRQHandler
                0x00000000080004a8                USB_HP_IRQHandler
                0x00000000080004a8                TIM6_IRQHandler
                0x00000000080004a8                PVD_IRQHandler
                0x00000000080004a8                EXTI3_IRQHandler
                0x00000000080004a8                EXTI0_IRQHandler
                0x00000000080004a8                I2C2_EV_IRQHandler
                0x00000000080004a8                SPI1_IRQHandler
                0x00000000080004a8                USB_FS_WKUP_IRQHandler
                0x00000000080004a8                DMA2_Channel2_IRQHandler
                0x00000000080004a8                DMA1_Channel4_IRQHandler
                0x00000000080004a8                ADC1_IRQHandler
                0x00000000080004a8                USART3_IRQHandler
                0x00000000080004a8                DMA1_Channel7_IRQHandler
                0x00000000080004a8                LCD_IRQHandler
                0x00000000080004a8                TIM4_IRQHandler
                0x00000000080004a8                DMA2_Channel1_IRQHandler
                0x00000000080004a8                I2C1_EV_IRQHandler
                0x00000000080004a8                DMA1_Channel6_IRQHandler
                0x00000000080004a8                DMA2_Channel4_IRQHandler
                0x00000000080004a8                TIM3_IRQHandler
                0x00000000080004a8                RCC_IRQHandler
                0x00000000080004a8                DMA1_Channel1_IRQHandler
                0x00000000080004a8                Default_Handler
                0x00000000080004a8                EXTI15_10_IRQHandler
                0x00000000080004a8                TIM7_IRQHandler
                0x00000000080004a8                TIM5_IRQHandler
                0x00000000080004a8                EXTI9_5_IRQHandler
                0x00000000080004a8                TIM9_IRQHandler
                0x00000000080004a8                TAMPER_STAMP_IRQHandler
                0x00000000080004a8                RTC_WKUP_IRQHandler
                0x00000000080004a8                SPI2_IRQHandler
                0x00000000080004a8                DMA2_Channel5_IRQHandler
                0x00000000080004a8                DMA1_Channel5_IRQHandler
                0x00000000080004a8                USB_LP_IRQHandler
                0x00000000080004a8                EXTI4_IRQHandler
                0x00000000080004a8                DMA1_Channel3_IRQHandler
                0x00000000080004a8                COMP_IRQHandler
                0x00000000080004a8                WWDG_IRQHandler
                0x00000000080004a8                TIM2_IRQHandler
                0x00000000080004a8                DAC_IRQHandler
                0x00000000080004a8                EXTI1_IRQHandler
                0x00000000080004a8                TIM11_IRQHandler
                0x00000000080004a8                USART2_IRQHandler
                0x00000000080004a8                I2C2_ER_IRQHandler
                0x00000000080004a8                DMA1_Channel2_IRQHandler
                0x00000000080004a8                FLASH_IRQHandler
                0x00000000080004a8                USART1_IRQHandler
                0x00000000080004a8                SPI3_IRQHandler
                0x00000000080004a8                I2C1_ER_IRQHandler
                0x00000000080004a8                DMA2_Channel3_IRQHandler
 .text.HAL_Init
                0x00000000080004aa       0x30 Drivers/STM32L1xx_HAL_Driver/Src/stm32l1xx_hal.o
                0x00000000080004aa                HAL_Init
 *fill*         0x00000000080004da        0x2 
 .text.HAL_InitTick
                0x00000000080004dc       0x74 Drivers/STM32L1xx_HAL_Driver/Src/stm32l1xx_hal.o
                0x00000000080004dc                HAL_InitTick
 .text.HAL_IncTick
                0x0000000008000550       0x24 Drivers/STM32L1xx_HAL_Driver/Src/stm32l1xx_hal.o
                0x0000000008000550                HAL_IncTick
 .text.HAL_GetTick
                0x0000000008000574       0x14 Drivers/STM32L1xx_HAL_Driver/Src/stm32l1xx_hal.o
                0x0000000008000574                HAL_GetTick
 .text.HAL_Delay
                0x0000000008000588       0x44 Drivers/STM32L1xx_HAL_Driver/Src/stm32l1xx_hal.o
                0x0000000008000588                HAL_Delay
 .text.__NVIC_SetPriorityGrouping
                0x00000000080005cc       0x48 Drivers/STM32L1xx_HAL_Driver/Src/stm32l1xx_hal_cortex.o
 .text.__NVIC_GetPriorityGrouping
                0x0000000008000614       0x1c Drivers/STM32L1xx_HAL_Driver/Src/stm32l1xx_hal_cortex.o
 .text.__NVIC_SetPriority
                0x0000000008000630       0x54 Drivers/STM32L1xx_HAL_Driver/Src/stm32l1xx_hal_cortex.o
 .text.NVIC_EncodePriority
                0x0000000008000684       0x64 Drivers/STM32L1xx_HAL_Driver/Src/stm32l1xx_hal_cortex.o
 .text.SysTick_Config
                0x00000000080006e8       0x44 Drivers/STM32L1xx_HAL_Driver/Src/stm32l1xx_hal_cortex.o
 .text.HAL_NVIC_SetPriorityGrouping
                0x000000000800072c       0x16 Drivers/STM32L1xx_HAL_Driver/Src/stm32l1xx_hal_cortex.o
                0x000000000800072c                HAL_NVIC_SetPriorityGrouping
 .text.HAL_NVIC_SetPriority
                0x0000000008000742       0x38 Drivers/STM32L1xx_HAL_Driver/Src/stm32l1xx_hal_cortex.o
                0x0000000008000742                HAL_NVIC_SetPriority
 .text.HAL_SYSTICK_Config
                0x000000000800077a       0x18 Drivers/STM32L1xx_HAL_Driver/Src/stm32l1xx_hal_cortex.o
                0x000000000800077a                HAL_SYSTICK_Config
 *fill*         0x0000000008000792        0x2 
 .text.HAL_GPIO_Init
                0x0000000008000794      0x2fc Drivers/STM32L1xx_HAL_Driver/Src/stm32l1xx_hal_gpio.o
                0x0000000008000794                HAL_GPIO_Init
 .text.HAL_GPIO_ReadPin
                0x0000000008000a90       0x2e Drivers/STM32L1xx_HAL_Driver/Src/stm32l1xx_hal_gpio.o
                0x0000000008000a90                HAL_GPIO_ReadPin
 .text.HAL_GPIO_WritePin
                0x0000000008000abe       0x30 Drivers/STM32L1xx_HAL_Driver/Src/stm32l1xx_hal_gpio.o
                0x0000000008000abe                HAL_GPIO_WritePin
 .text.HAL_GPIO_TogglePin
                0x0000000008000aee       0x32 Drivers/STM32L1xx_HAL_Driver/Src/stm32l1xx_hal_gpio.o
                0x0000000008000aee                HAL_GPIO_TogglePin
 .text.HAL_RCC_OscConfig
                0x0000000008000b20      0x660 Drivers/STM32L1xx_HAL_Driver/Src/stm32l1xx_hal_rcc.o
                0x0000000008000b20                HAL_RCC_OscConfig
 .text.HAL_RCC_ClockConfig
                0x0000000008001180      0x268 Drivers/STM32L1xx_HAL_Driver/Src/stm32l1xx_hal_rcc.o
                0x0000000008001180                HAL_RCC_ClockConfig
 .text.HAL_RCC_GetSysClockFreq
                0x00000000080013e8       0xb0 Drivers/STM32L1xx_HAL_Driver/Src/stm32l1xx_hal_rcc.o
                0x00000000080013e8                HAL_RCC_GetSysClockFreq
 .text.RCC_SetFlashLatencyFromMSIRange
                0x0000000008001498       0xc0 Drivers/STM32L1xx_HAL_Driver/Src/stm32l1xx_hal_rcc.o
 .text.HAL_RCCEx_PeriphCLKConfig
                0x0000000008001558      0x1c4 Drivers/STM32L1xx_HAL_Driver/Src/stm32l1xx_hal_rcc_ex.o
                0x0000000008001558                HAL_RCCEx_PeriphCLKConfig
 .text.__libc_init_array
                0x000000000800171c       0x48 c:/st/stm32cubeide_1.3.0/stm32cubeide/plugins/com.st.stm32cube.ide.mcu.externaltools.gnu-tools-for-stm32.7-2018-q2-update.win32_1.0.0.201904181610/tools/bin/../lib/gcc/arm-none-eabi/7.3.1/../../../../arm-none-eabi/lib/thumb/v7-m\libc_nano.a(lib_a-init.o)
                0x000000000800171c                __libc_init_array
 .text.memset   0x0000000008001764       0x10 c:/st/stm32cubeide_1.3.0/stm32cubeide/plugins/com.st.stm32cube.ide.mcu.externaltools.gnu-tools-for-stm32.7-2018-q2-update.win32_1.0.0.201904181610/tools/bin/../lib/gcc/arm-none-eabi/7.3.1/../../../../arm-none-eabi/lib/thumb/v7-m\libc_nano.a(lib_a-memset.o)
                0x0000000008001764                memset
 *(.glue_7)
 .glue_7        0x0000000008001774        0x0 linker stubs
 *(.glue_7t)
 .glue_7t       0x0000000008001774        0x0 linker stubs
 *(.eh_frame)
 .eh_frame      0x0000000008001774        0x0 c:/st/stm32cubeide_1.3.0/stm32cubeide/plugins/com.st.stm32cube.ide.mcu.externaltools.gnu-tools-for-stm32.7-2018-q2-update.win32_1.0.0.201904181610/tools/bin/../lib/gcc/arm-none-eabi/7.3.1/thumb/v7-m/crtbegin.o
 *(.init)
 .init          0x0000000008001774        0x4 c:/st/stm32cubeide_1.3.0/stm32cubeide/plugins/com.st.stm32cube.ide.mcu.externaltools.gnu-tools-for-stm32.7-2018-q2-update.win32_1.0.0.201904181610/tools/bin/../lib/gcc/arm-none-eabi/7.3.1/thumb/v7-m/crti.o
                0x0000000008001774                _init
 .init          0x0000000008001778        0x8 c:/st/stm32cubeide_1.3.0/stm32cubeide/plugins/com.st.stm32cube.ide.mcu.externaltools.gnu-tools-for-stm32.7-2018-q2-update.win32_1.0.0.201904181610/tools/bin/../lib/gcc/arm-none-eabi/7.3.1/thumb/v7-m/crtn.o
 *(.fini)
 .fini          0x0000000008001780        0x4 c:/st/stm32cubeide_1.3.0/stm32cubeide/plugins/com.st.stm32cube.ide.mcu.externaltools.gnu-tools-for-stm32.7-2018-q2-update.win32_1.0.0.201904181610/tools/bin/../lib/gcc/arm-none-eabi/7.3.1/thumb/v7-m/crti.o
                0x0000000008001780                _fini
 .fini          0x0000000008001784        0x8 c:/st/stm32cubeide_1.3.0/stm32cubeide/plugins/com.st.stm32cube.ide.mcu.externaltools.gnu-tools-for-stm32.7-2018-q2-update.win32_1.0.0.201904181610/tools/bin/../lib/gcc/arm-none-eabi/7.3.1/thumb/v7-m/crtn.o
                0x000000000800178c                . = ALIGN (0x4)
                0x000000000800178c                _etext = .

.vfp11_veneer   0x000000000800178c        0x0
 .vfp11_veneer  0x000000000800178c        0x0 linker stubs

.v4_bx          0x000000000800178c        0x0
 .v4_bx         0x000000000800178c        0x0 linker stubs

.iplt           0x000000000800178c        0x0
 .iplt          0x000000000800178c        0x0 c:/st/stm32cubeide_1.3.0/stm32cubeide/plugins/com.st.stm32cube.ide.mcu.externaltools.gnu-tools-for-stm32.7-2018-q2-update.win32_1.0.0.201904181610/tools/bin/../lib/gcc/arm-none-eabi/7.3.1/thumb/v7-m/crtbegin.o

.rodata         0x000000000800178c       0x1c
                0x000000000800178c                . = ALIGN (0x4)
 *(.rodata)
 *(.rodata*)
 .rodata.PLLMulTable
                0x000000000800178c        0x9 Core/Src/system_stm32l1xx.o
                0x000000000800178c                PLLMulTable
 *fill*         0x0000000008001795        0x3 
 .rodata.AHBPrescTable
                0x0000000008001798       0x10 Core/Src/system_stm32l1xx.o
                0x0000000008001798                AHBPrescTable
                0x00000000080017a8                . = ALIGN (0x4)

.rel.dyn        0x00000000080017a8        0x0
 .rel.iplt      0x00000000080017a8        0x0 c:/st/stm32cubeide_1.3.0/stm32cubeide/plugins/com.st.stm32cube.ide.mcu.externaltools.gnu-tools-for-stm32.7-2018-q2-update.win32_1.0.0.201904181610/tools/bin/../lib/gcc/arm-none-eabi/7.3.1/thumb/v7-m/crtbegin.o

.ARM.extab      0x00000000080017a8        0x0
                0x00000000080017a8                . = ALIGN (0x4)
 *(.ARM.extab* .gnu.linkonce.armextab.*)
                0x00000000080017a8                . = ALIGN (0x4)

.ARM            0x00000000080017a8        0x0
                0x00000000080017a8                . = ALIGN (0x4)
                0x00000000080017a8                __exidx_start = .
 *(.ARM.exidx*)
                0x00000000080017a8                __exidx_end = .
                0x00000000080017a8                . = ALIGN (0x4)

.preinit_array  0x00000000080017a8        0x0
                0x00000000080017a8                . = ALIGN (0x4)
                0x00000000080017a8                PROVIDE (__preinit_array_start = .)
 *(.preinit_array*)
                0x00000000080017a8                PROVIDE (__preinit_array_end = .)
                0x00000000080017a8                . = ALIGN (0x4)

.init_array     0x00000000080017a8        0x4
                0x00000000080017a8                . = ALIGN (0x4)
                0x00000000080017a8                PROVIDE (__init_array_start = .)
 *(SORT_BY_NAME(.init_array.*))
 *(.init_array*)
 .init_array    0x00000000080017a8        0x4 c:/st/stm32cubeide_1.3.0/stm32cubeide/plugins/com.st.stm32cube.ide.mcu.externaltools.gnu-tools-for-stm32.7-2018-q2-update.win32_1.0.0.201904181610/tools/bin/../lib/gcc/arm-none-eabi/7.3.1/thumb/v7-m/crtbegin.o
                0x00000000080017ac                PROVIDE (__init_array_end = .)
                0x00000000080017ac                . = ALIGN (0x4)

.fini_array     0x00000000080017ac        0x4
                0x00000000080017ac                . = ALIGN (0x4)
                [!provide]                        PROVIDE (__fini_array_start = .)
 *(SORT_BY_NAME(.fini_array.*))
 *(.fini_array*)
 .fini_array    0x00000000080017ac        0x4 c:/st/stm32cubeide_1.3.0/stm32cubeide/plugins/com.st.stm32cube.ide.mcu.externaltools.gnu-tools-for-stm32.7-2018-q2-update.win32_1.0.0.201904181610/tools/bin/../lib/gcc/arm-none-eabi/7.3.1/thumb/v7-m/crtbegin.o
                [!provide]                        PROVIDE (__fini_array_end = .)
                0x00000000080017b0                . = ALIGN (0x4)
                0x00000000080017b0                _sidata = LOADADDR (.data)

.data           0x0000000020000000        0xc load address 0x00000000080017b0
                0x0000000020000000                . = ALIGN (0x4)
                0x0000000020000000                _sdata = .
 *(.data)
 *(.data*)
 .data.SystemCoreClock
                0x0000000020000000        0x4 Core/Src/system_stm32l1xx.o
                0x0000000020000000                SystemCoreClock
 .data.uwTickPrio
                0x0000000020000004        0x4 Drivers/STM32L1xx_HAL_Driver/Src/stm32l1xx_hal.o
                0x0000000020000004                uwTickPrio
 .data.uwTickFreq
                0x0000000020000008        0x4 Drivers/STM32L1xx_HAL_Driver/Src/stm32l1xx_hal.o
                0x0000000020000008                uwTickFreq
                0x000000002000000c                . = ALIGN (0x4)
                0x000000002000000c                _edata = .

.igot.plt       0x000000002000000c        0x0 load address 0x00000000080017bc
 .igot.plt      0x000000002000000c        0x0 c:/st/stm32cubeide_1.3.0/stm32cubeide/plugins/com.st.stm32cube.ide.mcu.externaltools.gnu-tools-for-stm32.7-2018-q2-update.win32_1.0.0.201904181610/tools/bin/../lib/gcc/arm-none-eabi/7.3.1/thumb/v7-m/crtbegin.o
                0x000000002000000c                . = ALIGN (0x4)

.bss            0x000000002000000c       0x20 load address 0x00000000080017bc
                0x000000002000000c                _sbss = .
                0x000000002000000c                __bss_start__ = _sbss
 *(.bss)
 .bss           0x000000002000000c       0x1c c:/st/stm32cubeide_1.3.0/stm32cubeide/plugins/com.st.stm32cube.ide.mcu.externaltools.gnu-tools-for-stm32.7-2018-q2-update.win32_1.0.0.201904181610/tools/bin/../lib/gcc/arm-none-eabi/7.3.1/thumb/v7-m/crtbegin.o
 *(.bss*)
 *(COMMON)
 COMMON         0x0000000020000028        0x4 Drivers/STM32L1xx_HAL_Driver/Src/stm32l1xx_hal.o
                0x0000000020000028                uwTick
                0x000000002000002c                . = ALIGN (0x4)
                0x000000002000002c                _ebss = .
                0x000000002000002c                __bss_end__ = _ebss

._user_heap_stack
                0x000000002000002c      0x604 load address 0x00000000080017bc
                0x0000000020000030                . = ALIGN (0x8)
 *fill*         0x000000002000002c        0x4 
                0x0000000020000030                PROVIDE (end = .)
                [!provide]                        PROVIDE (_end = .)
                0x0000000020000230                . = (. + _Min_Heap_Size)
 *fill*         0x0000000020000030      0x200 
                0x0000000020000630                . = (. + _Min_Stack_Size)
 *fill*         0x0000000020000230      0x400 
                0x0000000020000630                . = ALIGN (0x8)

/DISCARD/
 libc.a(*)
 libm.a(*)
 libgcc.a(*)

.ARM.attributes
                0x0000000000000000       0x29
 *(.ARM.attributes)
 .ARM.attributes
                0x0000000000000000       0x1d c:/st/stm32cubeide_1.3.0/stm32cubeide/plugins/com.st.stm32cube.ide.mcu.externaltools.gnu-tools-for-stm32.7-2018-q2-update.win32_1.0.0.201904181610/tools/bin/../lib/gcc/arm-none-eabi/7.3.1/thumb/v7-m/crti.o
 .ARM.attributes
                0x000000000000001d       0x2d c:/st/stm32cubeide_1.3.0/stm32cubeide/plugins/com.st.stm32cube.ide.mcu.externaltools.gnu-tools-for-stm32.7-2018-q2-update.win32_1.0.0.201904181610/tools/bin/../lib/gcc/arm-none-eabi/7.3.1/thumb/v7-m/crtbegin.o
 .ARM.attributes
                0x000000000000004a       0x33 Core/Src/main.o
 .ARM.attributes
                0x000000000000007d       0x33 Core/Src/stm32l1xx_hal_msp.o
 .ARM.attributes
                0x00000000000000b0       0x33 Core/Src/stm32l1xx_it.o
 .ARM.attributes
                0x00000000000000e3       0x33 Core/Src/system_stm32l1xx.o
 .ARM.attributes
                0x0000000000000116       0x21 Core/Startup/startup_stm32l152rctx.o
 .ARM.attributes
                0x0000000000000137       0x33 Drivers/STM32L1xx_HAL_Driver/Src/stm32l1xx_hal.o
 .ARM.attributes
                0x000000000000016a       0x33 Drivers/STM32L1xx_HAL_Driver/Src/stm32l1xx_hal_cortex.o
 .ARM.attributes
                0x000000000000019d       0x33 Drivers/STM32L1xx_HAL_Driver/Src/stm32l1xx_hal_gpio.o
 .ARM.attributes
                0x00000000000001d0       0x33 Drivers/STM32L1xx_HAL_Driver/Src/stm32l1xx_hal_rcc.o
 .ARM.attributes
                0x0000000000000203       0x33 Drivers/STM32L1xx_HAL_Driver/Src/stm32l1xx_hal_rcc_ex.o
 .ARM.attributes
                0x0000000000000236       0x2d c:/st/stm32cubeide_1.3.0/stm32cubeide/plugins/com.st.stm32cube.ide.mcu.externaltools.gnu-tools-for-stm32.7-2018-q2-update.win32_1.0.0.201904181610/tools/bin/../lib/gcc/arm-none-eabi/7.3.1/../../../../arm-none-eabi/lib/thumb/v7-m\libc_nano.a(lib_a-init.o)
 .ARM.attributes
                0x0000000000000263       0x2d c:/st/stm32cubeide_1.3.0/stm32cubeide/plugins/com.st.stm32cube.ide.mcu.externaltools.gnu-tools-for-stm32.7-2018-q2-update.win32_1.0.0.201904181610/tools/bin/../lib/gcc/arm-none-eabi/7.3.1/../../../../arm-none-eabi/lib/thumb/v7-m\libc_nano.a(lib_a-memset.o)
 .ARM.attributes
                0x0000000000000290       0x1d c:/st/stm32cubeide_1.3.0/stm32cubeide/plugins/com.st.stm32cube.ide.mcu.externaltools.gnu-tools-for-stm32.7-2018-q2-update.win32_1.0.0.201904181610/tools/bin/../lib/gcc/arm-none-eabi/7.3.1/thumb/v7-m/crtn.o
OUTPUT(button.elf elf32-littlearm)

.debug_info     0x0000000000000000     0x4847
 .debug_info    0x0000000000000000      0xd79 Core/Src/main.o
 .debug_info    0x0000000000000d79      0xb47 Core/Src/stm32l1xx_hal_msp.o
 .debug_info    0x00000000000018c0      0x1fc Core/Src/stm32l1xx_it.o
 .debug_info    0x0000000000001abc      0x473 Core/Src/system_stm32l1xx.o
 .debug_info    0x0000000000001f2f       0x22 Core/Startup/startup_stm32l152rctx.o
 .debug_info    0x0000000000001f51      0x710 Drivers/STM32L1xx_HAL_Driver/Src/stm32l1xx_hal.o
 .debug_info    0x0000000000002661      0xd78 Drivers/STM32L1xx_HAL_Driver/Src/stm32l1xx_hal_cortex.o
 .debug_info    0x00000000000033d9      0x69d Drivers/STM32L1xx_HAL_Driver/Src/stm32l1xx_hal_gpio.o
 .debug_info    0x0000000000003a76      0x91f Drivers/STM32L1xx_HAL_Driver/Src/stm32l1xx_hal_rcc.o
 .debug_info    0x0000000000004395      0x4b2 Drivers/STM32L1xx_HAL_Driver/Src/stm32l1xx_hal_rcc_ex.o

.debug_abbrev   0x0000000000000000     0x1063
 .debug_abbrev  0x0000000000000000      0x215 Core/Src/main.o
 .debug_abbrev  0x0000000000000215      0x18c Core/Src/stm32l1xx_hal_msp.o
 .debug_abbrev  0x00000000000003a1       0xac Core/Src/stm32l1xx_it.o
 .debug_abbrev  0x000000000000044d      0x111 Core/Src/system_stm32l1xx.o
 .debug_abbrev  0x000000000000055e       0x12 Core/Startup/startup_stm32l152rctx.o
 .debug_abbrev  0x0000000000000570      0x21b Drivers/STM32L1xx_HAL_Driver/Src/stm32l1xx_hal.o
 .debug_abbrev  0x000000000000078b      0x2fa Drivers/STM32L1xx_HAL_Driver/Src/stm32l1xx_hal_cortex.o
 .debug_abbrev  0x0000000000000a85      0x1c9 Drivers/STM32L1xx_HAL_Driver/Src/stm32l1xx_hal_gpio.o
 .debug_abbrev  0x0000000000000c4e      0x254 Drivers/STM32L1xx_HAL_Driver/Src/stm32l1xx_hal_rcc.o
 .debug_abbrev  0x0000000000000ea2      0x1c1 Drivers/STM32L1xx_HAL_Driver/Src/stm32l1xx_hal_rcc_ex.o

.debug_aranges  0x0000000000000000      0x478
 .debug_aranges
                0x0000000000000000       0x50 Core/Src/main.o
 .debug_aranges
                0x0000000000000050       0x40 Core/Src/stm32l1xx_hal_msp.o
 .debug_aranges
                0x0000000000000090       0x60 Core/Src/stm32l1xx_it.o
 .debug_aranges
                0x00000000000000f0       0x28 Core/Src/system_stm32l1xx.o
 .debug_aranges
                0x0000000000000118       0x28 Core/Startup/startup_stm32l152rctx.o
 .debug_aranges
                0x0000000000000140       0xe0 Drivers/STM32L1xx_HAL_Driver/Src/stm32l1xx_hal.o
 .debug_aranges
                0x0000000000000220      0x118 Drivers/STM32L1xx_HAL_Driver/Src/stm32l1xx_hal_cortex.o
 .debug_aranges
                0x0000000000000338       0x58 Drivers/STM32L1xx_HAL_Driver/Src/stm32l1xx_hal_gpio.o
 .debug_aranges
                0x0000000000000390       0x90 Drivers/STM32L1xx_HAL_Driver/Src/stm32l1xx_hal_rcc.o
 .debug_aranges
                0x0000000000000420       0x58 Drivers/STM32L1xx_HAL_Driver/Src/stm32l1xx_hal_rcc_ex.o

.debug_ranges   0x0000000000000000      0x3e0
 .debug_ranges  0x0000000000000000       0x40 Core/Src/main.o
 .debug_ranges  0x0000000000000040       0x30 Core/Src/stm32l1xx_hal_msp.o
 .debug_ranges  0x0000000000000070       0x50 Core/Src/stm32l1xx_it.o
 .debug_ranges  0x00000000000000c0       0x18 Core/Src/system_stm32l1xx.o
 .debug_ranges  0x00000000000000d8       0x20 Core/Startup/startup_stm32l152rctx.o
 .debug_ranges  0x00000000000000f8       0xd0 Drivers/STM32L1xx_HAL_Driver/Src/stm32l1xx_hal.o
 .debug_ranges  0x00000000000001c8      0x108 Drivers/STM32L1xx_HAL_Driver/Src/stm32l1xx_hal_cortex.o
 .debug_ranges  0x00000000000002d0       0x48 Drivers/STM32L1xx_HAL_Driver/Src/stm32l1xx_hal_gpio.o
 .debug_ranges  0x0000000000000318       0x80 Drivers/STM32L1xx_HAL_Driver/Src/stm32l1xx_hal_rcc.o
 .debug_ranges  0x0000000000000398       0x48 Drivers/STM32L1xx_HAL_Driver/Src/stm32l1xx_hal_rcc_ex.o

.debug_macro    0x0000000000000000    0x152e0
 .debug_macro   0x0000000000000000      0x1b4 Core/Src/main.o
 .debug_macro   0x00000000000001b4      0xa5a Core/Src/main.o
 .debug_macro   0x0000000000000c0e      0x10c Core/Src/main.o
 .debug_macro   0x0000000000000d1a       0x2e Core/Src/main.o
 .debug_macro   0x0000000000000d48       0x22 Core/Src/main.o
 .debug_macro   0x0000000000000d6a       0x22 Core/Src/main.o
 .debug_macro   0x0000000000000d8c       0x8e Core/Src/main.o
 .debug_macro   0x0000000000000e1a       0x51 Core/Src/main.o
 .debug_macro   0x0000000000000e6b       0xef Core/Src/main.o
 .debug_macro   0x0000000000000f5a       0x6a Core/Src/main.o
 .debug_macro   0x0000000000000fc4      0x1df Core/Src/main.o
 .debug_macro   0x00000000000011a3       0x1c Core/Src/main.o
 .debug_macro   0x00000000000011bf       0x22 Core/Src/main.o
 .debug_macro   0x00000000000011e1       0xc3 Core/Src/main.o
 .debug_macro   0x00000000000012a4      0xe49 Core/Src/main.o
 .debug_macro   0x00000000000020ed      0x11f Core/Src/main.o
 .debug_macro   0x000000000000220c     0xbb9f Core/Src/main.o
 .debug_macro   0x000000000000ddab       0x43 Core/Src/main.o
 .debug_macro   0x000000000000ddee     0x3468 Core/Src/main.o
 .debug_macro   0x0000000000011256      0x174 Core/Src/main.o
 .debug_macro   0x00000000000113ca       0x5b Core/Src/main.o
 .debug_macro   0x0000000000011425      0xe38 Core/Src/main.o
 .debug_macro   0x000000000001225d      0x243 Core/Src/main.o
 .debug_macro   0x00000000000124a0      0x13b Core/Src/main.o
 .debug_macro   0x00000000000125db       0xb9 Core/Src/main.o
 .debug_macro   0x0000000000012694      0x21e Core/Src/main.o
 .debug_macro   0x00000000000128b2      0x236 Core/Src/main.o
 .debug_macro   0x0000000000012ae8      0x64d Core/Src/main.o
 .debug_macro   0x0000000000013135      0x16c Core/Src/main.o
 .debug_macro   0x00000000000132a1      0x115 Core/Src/main.o
 .debug_macro   0x00000000000133b6      0x56e Core/Src/main.o
 .debug_macro   0x0000000000013924      0x3d3 Core/Src/main.o
 .debug_macro   0x0000000000013cf7      0x1e9 Core/Src/main.o
 .debug_macro   0x0000000000013ee0       0x22 Core/Src/main.o
 .debug_macro   0x0000000000013f02      0x3ff Core/Src/main.o
 .debug_macro   0x0000000000014301      0x21b Core/Src/main.o
 .debug_macro   0x000000000001451c      0x1b4 Core/Src/stm32l1xx_hal_msp.o
 .debug_macro   0x00000000000146d0      0x1be Core/Src/stm32l1xx_it.o
 .debug_macro   0x000000000001488e      0x1ab Core/Src/system_stm32l1xx.o
 .debug_macro   0x0000000000014a39      0x1c9 Drivers/STM32L1xx_HAL_Driver/Src/stm32l1xx_hal.o
 .debug_macro   0x0000000000014c02      0x1a5 Drivers/STM32L1xx_HAL_Driver/Src/stm32l1xx_hal_cortex.o
 .debug_macro   0x0000000000014da7      0x1dd Drivers/STM32L1xx_HAL_Driver/Src/stm32l1xx_hal_gpio.o
 .debug_macro   0x0000000000014f84      0x1b7 Drivers/STM32L1xx_HAL_Driver/Src/stm32l1xx_hal_rcc.o
 .debug_macro   0x000000000001513b      0x1a5 Drivers/STM32L1xx_HAL_Driver/Src/stm32l1xx_hal_rcc_ex.o

.debug_line     0x0000000000000000     0x482a
 .debug_line    0x0000000000000000      0x75c Core/Src/main.o
 .debug_line    0x000000000000075c      0x702 Core/Src/stm32l1xx_hal_msp.o
 .debug_line    0x0000000000000e5e      0x732 Core/Src/stm32l1xx_it.o
 .debug_line    0x0000000000001590      0x6b5 Core/Src/system_stm32l1xx.o
 .debug_line    0x0000000000001c45       0x84 Core/Startup/startup_stm32l152rctx.o
 .debug_line    0x0000000000001cc9      0x86a Drivers/STM32L1xx_HAL_Driver/Src/stm32l1xx_hal.o
 .debug_line    0x0000000000002533      0x9b5 Drivers/STM32L1xx_HAL_Driver/Src/stm32l1xx_hal_cortex.o
 .debug_line    0x0000000000002ee8      0x820 Drivers/STM32L1xx_HAL_Driver/Src/stm32l1xx_hal_gpio.o
 .debug_line    0x0000000000003708      0x993 Drivers/STM32L1xx_HAL_Driver/Src/stm32l1xx_hal_rcc.o
 .debug_line    0x000000000000409b      0x78f Drivers/STM32L1xx_HAL_Driver/Src/stm32l1xx_hal_rcc_ex.o

.debug_str      0x0000000000000000    0x86cc6
 .debug_str     0x0000000000000000    0x85ad9 Core/Src/main.o
                                      0x85df0 (size before relaxing)
 .debug_str     0x0000000000085ad9       0x70 Core/Src/stm32l1xx_hal_msp.o
                                      0x85ba2 (size before relaxing)
 .debug_str     0x0000000000085b49       0xbd Core/Src/stm32l1xx_it.o
                                      0x85625 (size before relaxing)
 .debug_str     0x0000000000085c06       0xd5 Core/Src/system_stm32l1xx.o
                                      0x84ee6 (size before relaxing)
 .debug_str     0x0000000000085cdb       0x36 Core/Startup/startup_stm32l152rctx.o
                                         0x5a (size before relaxing)
 .debug_str     0x0000000000085d11      0x62f Drivers/STM32L1xx_HAL_Driver/Src/stm32l1xx_hal.o
                                      0x85542 (size before relaxing)
 .debug_str     0x0000000000086340      0x3c6 Drivers/STM32L1xx_HAL_Driver/Src/stm32l1xx_hal_cortex.o
                                      0x85681 (size before relaxing)
 .debug_str     0x0000000000086706      0x200 Drivers/STM32L1xx_HAL_Driver/Src/stm32l1xx_hal_gpio.o
                                      0x8510a (size before relaxing)
 .debug_str     0x0000000000086906      0x290 Drivers/STM32L1xx_HAL_Driver/Src/stm32l1xx_hal_rcc.o
                                      0x852dc (size before relaxing)
 .debug_str     0x0000000000086b96      0x130 Drivers/STM32L1xx_HAL_Driver/Src/stm32l1xx_hal_rcc_ex.o
                                      0x85041 (size before relaxing)

.comment        0x0000000000000000       0x7b
 .comment       0x0000000000000000       0x7b Core/Src/main.o
                                         0x7c (size before relaxing)
 .comment       0x000000000000007b       0x7c Core/Src/stm32l1xx_hal_msp.o
 .comment       0x000000000000007b       0x7c Core/Src/stm32l1xx_it.o
 .comment       0x000000000000007b       0x7c Core/Src/system_stm32l1xx.o
 .comment       0x000000000000007b       0x7c Drivers/STM32L1xx_HAL_Driver/Src/stm32l1xx_hal.o
 .comment       0x000000000000007b       0x7c Drivers/STM32L1xx_HAL_Driver/Src/stm32l1xx_hal_cortex.o
 .comment       0x000000000000007b       0x7c Drivers/STM32L1xx_HAL_Driver/Src/stm32l1xx_hal_gpio.o
 .comment       0x000000000000007b       0x7c Drivers/STM32L1xx_HAL_Driver/Src/stm32l1xx_hal_rcc.o
 .comment       0x000000000000007b       0x7c Drivers/STM32L1xx_HAL_Driver/Src/stm32l1xx_hal_rcc_ex.o

.debug_frame    0x0000000000000000      0xfc8
 .debug_frame   0x0000000000000000       0xf8 Core/Src/main.o
 .debug_frame   0x00000000000000f8       0xc4 Core/Src/stm32l1xx_hal_msp.o
 .debug_frame   0x00000000000001bc      0x10c Core/Src/stm32l1xx_it.o
 .debug_frame   0x00000000000002c8       0x58 Core/Src/system_stm32l1xx.o
 .debug_frame   0x0000000000000320      0x33c Drivers/STM32L1xx_HAL_Driver/Src/stm32l1xx_hal.o
 .debug_frame   0x000000000000065c      0x498 Drivers/STM32L1xx_HAL_Driver/Src/stm32l1xx_hal_cortex.o
 .debug_frame   0x0000000000000af4      0x14c Drivers/STM32L1xx_HAL_Driver/Src/stm32l1xx_hal_gpio.o
 .debug_frame   0x0000000000000c40      0x21c Drivers/STM32L1xx_HAL_Driver/Src/stm32l1xx_hal_rcc.o
 .debug_frame   0x0000000000000e5c      0x120 Drivers/STM32L1xx_HAL_Driver/Src/stm32l1xx_hal_rcc_ex.o
 .debug_frame   0x0000000000000f7c       0x2c c:/st/stm32cubeide_1.3.0/stm32cubeide/plugins/com.st.stm32cube.ide.mcu.externaltools.gnu-tools-for-stm32.7-2018-q2-update.win32_1.0.0.201904181610/tools/bin/../lib/gcc/arm-none-eabi/7.3.1/../../../../arm-none-eabi/lib/thumb/v7-m\libc_nano.a(lib_a-init.o)
 .debug_frame   0x0000000000000fa8       0x20 c:/st/stm32cubeide_1.3.0/stm32cubeide/plugins/com.st.stm32cube.ide.mcu.externaltools.gnu-tools-for-stm32.7-2018-q2-update.win32_1.0.0.201904181610/tools/bin/../lib/gcc/arm-none-eabi/7.3.1/../../../../arm-none-eabi/lib/thumb/v7-m\libc_nano.a(lib_a-memset.o)
